<?xml version="1.0" encoding="UTF-8"?>
<testsuites name="jest tests" tests="1" failures="0" errors="0" time="2.889">
  <testsuite name="undefined" errors="0" failures="0" skipped="0" timestamp="2020-11-08T20:50:45" time="2.737" tests="1">
    <testcase classname=" renders correctly" name=" renders correctly" time="0.763">
    </testcase>
  </testsuite>
</testsuites>